------------------------------------------------------------
Timing Analyzer Summary
------------------------------------------------------------

Type  : Slow 1200mV 85C Model Setup 'clkin'
Slack : -1.836
TNS   : -15.951

Type  : Slow 1200mV 85C Model Setup 'carry'
Slack : 0.114
TNS   : 0.000

Type  : Slow 1200mV 85C Model Hold 'carry'
Slack : 0.497
TNS   : 0.000

Type  : Slow 1200mV 85C Model Hold 'clkin'
Slack : 0.509
TNS   : 0.000

Type  : Slow 1200mV 85C Model Minimum Pulse Width 'clkin'
Slack : -3.000
TNS   : -16.383

Type  : Slow 1200mV 85C Model Minimum Pulse Width 'carry'
Slack : -1.487
TNS   : -1.487

Type  : Slow 1200mV 0C Model Setup 'clkin'
Slack : -1.599
TNS   : -13.845

Type  : Slow 1200mV 0C Model Setup 'carry'
Slack : 0.210
TNS   : 0.000

Type  : Slow 1200mV 0C Model Hold 'carry'
Slack : 0.447
TNS   : 0.000

Type  : Slow 1200mV 0C Model Hold 'clkin'
Slack : 0.470
TNS   : 0.000

Type  : Slow 1200mV 0C Model Minimum Pulse Width 'clkin'
Slack : -3.000
TNS   : -16.383

Type  : Slow 1200mV 0C Model Minimum Pulse Width 'carry'
Slack : -1.487
TNS   : -1.487

Type  : Fast 1200mV 0C Model Setup 'clkin'
Slack : -0.198
TNS   : -1.584

Type  : Fast 1200mV 0C Model Setup 'carry'
Slack : 0.624
TNS   : 0.000

Type  : Fast 1200mV 0C Model Hold 'clkin'
Slack : 0.205
TNS   : 0.000

Type  : Fast 1200mV 0C Model Hold 'carry'
Slack : 0.206
TNS   : 0.000

Type  : Fast 1200mV 0C Model Minimum Pulse Width 'clkin'
Slack : -3.000
TNS   : -12.594

Type  : Fast 1200mV 0C Model Minimum Pulse Width 'carry'
Slack : -1.000
TNS   : -1.000

------------------------------------------------------------
