------------------------------------------------------------
Timing Analyzer Summary
------------------------------------------------------------

Type  : Slow 1200mV 85C Model Setup 'CLK'
Slack : -0.333
TNS   : -0.333

Type  : Slow 1200mV 85C Model Hold 'CLK'
Slack : 0.664
TNS   : 0.000

Type  : Slow 1200mV 85C Model Minimum Pulse Width 'CLK'
Slack : -3.000
TNS   : -4.487

Type  : Slow 1200mV 85C Model Minimum Pulse Width 'Q1'
Slack : -1.487
TNS   : -1.487

Type  : Slow 1200mV 0C Model Setup 'CLK'
Slack : -0.173
TNS   : -0.173

Type  : Slow 1200mV 0C Model Hold 'CLK'
Slack : 0.553
TNS   : 0.000

Type  : Slow 1200mV 0C Model Minimum Pulse Width 'CLK'
Slack : -3.000
TNS   : -4.487

Type  : Slow 1200mV 0C Model Minimum Pulse Width 'Q1'
Slack : -1.487
TNS   : -1.487

Type  : Fast 1200mV 0C Model Setup 'CLK'
Slack : 0.427
TNS   : 0.000

Type  : Fast 1200mV 0C Model Hold 'CLK'
Slack : 0.268
TNS   : 0.000

Type  : Fast 1200mV 0C Model Minimum Pulse Width 'CLK'
Slack : -3.000
TNS   : -4.071

Type  : Fast 1200mV 0C Model Minimum Pulse Width 'Q1'
Slack : -1.000
TNS   : -1.000

------------------------------------------------------------
